<html>
<body>
<pre>
<h1>µVision Build Log</h1>
<h2>Project:</h2>
D:\FIRMWARE\UARTFINALLIB-20170125T054342Z\UARTFINALLIB\uv4\UART.uvproj
Project File Date:  08/23/2016

<h2>Output:</h2>
Build target 'Target 1'
compiling main.cpp...
..\src\UART.h(21): warning:  #1-D: last line of file ends without a newline
  };
..\src\main.cpp(10): warning:  #177-D: variable "ch" was declared but never referenced
        char ch;
..\src\main.cpp: 2 warnings, 0 errors
compiling UART.cpp...
..\src\UART.h(21): warning:  #1-D: last line of file ends without a newline
  };
..\src\UART.cpp(39): warning:  #177-D: variable "pclkdiv" was declared but never referenced
        uint32_t pclkdiv, pclk;
..\src\UART.cpp(133): warning:  #940-D: missing return statement at end of non-void function "UART::UARTRecieveCharPolling"
        }
..\src\UART.cpp: 3 warnings, 0 errors
linking...
Program Size: Code=1920 RO-data=240 RW-data=4 ZI-data=884  
".\UART.axf" - 0 Error(s), 5 Warning(s).
Load "D:\\FIRMWARE\\UARTFINALLIB-20170125T054342Z\\UARTFINALLIB\\uv4\\UART.axf" 
Erase Done.
Programming Done.
Verify OK.
</pre>
</body>
</html>
ailure
Error: Flash Download failed  -  Target DLL has been cancelled
Load "D:\\FIRMWARE\\UARTFINALLIB-20170125T054342Z\\UARTFINALLIB\\uv4\\UART.axf" 
Internal DLL Error
Error: Flash Download failed  -  Target DLL has been cancelled
Load "D:\\FIRMWARE\\UARTFINALLIB-20170125T054342Z\\UARTFINALLIB\\uv4\\UART.axf" 
Error: Flash Download failed  -  Target DLL has been cancelled
Load "D:\\FIRMWARE\\UARTFINALLIB-20170125T054342Z\\UARTFINALLIB\\uv4\\UART.axf" 
Error: Flash Download failed  -  Target DLL has been cancelled
Load "D:\\FIRMWARE\\UARTFINALLIB-20170125T054342Z\\UARTFINALLIB\\uv4\\UART.axf" 
Erase Done.
Programming Done.
Verify OK.
Load "D:\\FIRMWARE\\UARTFINALLIB-20170125T054342Z\\UARTFINALLIB\\uv4\\UART.axf" 
Internal DLL Error
Error: Flash Download failed  -  Target DLL has been cancelled
Load "D:\\FIRMWARE\\UARTFINALLIB-20170125T054342Z\\UARTFINALLIB\\uv4\\UART.axf" 
Erase Done.
Programming Done.
Verify OK.
Error: Target DLL has been cancelled. Debugger aborted !
Load "D:\\FIRMWARE\\UARTFINALLIB-20170125T054342Z\\UARTFINALLIB\\uv4\\UART.axf" 
Internal DLL Error
Error: Flash Download failed  -  Target DLL has been cancelled
Error: Target DLL has been cancelled. Debugger aborted !
Error: Target DLL has been cancelled. Debugger aborted !
